[0m12:45:49.439826 [debug] [MainThread]: Sending event: {'category': 'dbt', 'action': 'invocation', 'label': 'start', 'context': [<snowplow_tracker.self_describing_json.SelfDescribingJson object at 0x00000180C462BB90>, <snowplow_tracker.self_describing_json.SelfDescribingJson object at 0x00000180C46BFDD0>, <snowplow_tracker.self_describing_json.SelfDescribingJson object at 0x00000180C46BDF90>]}


============================== 12:45:49.454834 | 03b01d12-b378-4e74-83bc-d33869fb8205 ==============================
[0m12:45:49.454834 [info ] [MainThread]: Running with dbt=1.12.3
[0m12:45:49.455825 [debug] [MainThread]: running dbt with arguments {'maximum_seed_size_mib': '1', 'no_print': 'None', 'version_check': 'True', 'target_path': 'None', 'warn_error_options': 'WarnErrorOptionsV2(error=[], warn=[], silence=[])', 'static_parser': 'True', 'printer_width': '80', 'write_json': 'True', 'empty': 'None', 'log_cache_events': 'False', 'introspect': 'True', 'cache_selected_only': 'False', 'log_format': 'default', 'debug': 'False', 'fail_fast': 'False', 'profiles_dir': 'C:\\Users\\gusta\\.dbt', 'send_anonymous_usage_stats': 'True', 'quiet': 'False', 'warn_error': 'None', 'partial_parse': 'True', 'use_colors': 'True', 'hints_enabled': 'True', 'invocation_command': 'dbt init', 'use_experimental_parser': 'False', 'indirect_selection': 'eager', 'log_path': 'logs'}
[0m12:46:30.886842 [debug] [MainThread]: Starter project path: C:\Users\gusta\OneDrive\Documentos\codeup_project\.venv\Lib\site-packages\dbt\include\starter_project
[0m12:46:30.978240 [info ] [MainThread]: Setting up your profile.
[0m12:46:38.836701 [debug] [MainThread]: Snowflake adapter: Setting snowflake.connector to ERROR (file logging only)
[0m12:46:38.837708 [debug] [MainThread]: Snowflake adapter: Setting botocore to ERROR (file logging only)
[0m12:46:38.838715 [debug] [MainThread]: Snowflake adapter: Setting boto3 to ERROR (file logging only)
[0m12:51:49.454810 [info ] [MainThread]: Profile crypto_pipeline written to C:\Users\gusta\.dbt\profiles.yml using target's profile_template.yml and your supplied values.
[0m12:51:49.477780 [info ] [MainThread]: Running dbt debug to validate the project...
[0m12:51:49.479793 [info ] [MainThread]: dbt version: 1.12.3
[0m12:51:49.480790 [info ] [MainThread]: python version: 3.11.9
[0m12:51:49.481793 [info ] [MainThread]: python path: C:\Users\gusta\OneDrive\Documentos\codeup_project\.venv\Scripts\python.exe
[0m12:51:49.482788 [info ] [MainThread]: os info: Windows-10-10.0.26200-SP0
[0m12:51:49.562195 [info ] [MainThread]: Using profiles dir at C:\Users\gusta\.dbt
[0m12:51:49.563188 [info ] [MainThread]: Using profiles.yml file at C:\Users\gusta\.dbt\profiles.yml
[0m12:51:49.564191 [info ] [MainThread]: Using dbt_project.yml file at C:\Users\gusta\OneDrive\Documentos\codeup_project\crypto_pipeline\dbt_project.yml
[0m12:51:49.575186 [info ] [MainThread]: adapter type: snowflake
[0m12:51:49.576194 [info ] [MainThread]: adapter version: 1.12.0
[0m12:51:49.688198 [info ] [MainThread]: Configuration:
[0m12:51:49.690188 [info ] [MainThread]:   profiles.yml file [[32mOK found and valid[0m]
[0m12:51:49.691199 [info ] [MainThread]:   dbt_project.yml file [[32mOK found and valid[0m]
[0m12:51:49.692187 [info ] [MainThread]: Required dependencies:
[0m12:51:49.693197 [debug] [MainThread]: Executing "git --help"
[0m12:51:49.744606 [debug] [MainThread]: STDOUT: "b"usage: git [-v | --version] [-h | --help] [-C <path>] [-c <name>=<value>]\n           [--exec-path[=<path>]] [--html-path] [--man-path] [--info-path]\n           [-p | --paginate | -P | --no-pager] [--no-replace-objects] [--no-lazy-fetch]\n           [--no-optional-locks] [--no-advice] [--bare] [--git-dir=<path>]\n           [--work-tree=<path>] [--namespace=<name>] [--config-env=<name>=<envvar>]\n           <command> [<args>]\n\nThese are common Git commands used in various situations:\n\nstart a working area (see also: git help tutorial)\n   clone      Clone a repository into a new directory\n   init       Create an empty Git repository or reinitialize an existing one\n\nwork on the current change (see also: git help everyday)\n   add        Add file contents to the index\n   mv         Move or rename a file, a directory, or a symlink\n   restore    Restore working tree files\n   rm         Remove files from the working tree and from the index\n\nexamine the history and state (see also: git help revisions)\n   bisect     Use binary search to find the commit that introduced a bug\n   diff       Show changes between commits, commit and working tree, etc\n   grep       Print lines matching a pattern\n   log        Show commit logs\n   show       Show various types of objects\n   status     Show the working tree status\n\ngrow, mark and tweak your common history\n   backfill   Download missing objects in a partial clone\n   branch     List, create, or delete branches\n   commit     Record changes to the repository\n   merge      Join two or more development histories together\n   rebase     Reapply commits on top of another base tip\n   reset      Reset current HEAD to the specified state\n   switch     Switch branches\n   tag        Create, list, delete or verify a tag object signed with GPG\n\ncollaborate (see also: git help workflows)\n   fetch      Download objects and refs from another repository\n   pull       Fetch from and integrate with another repository or a local branch\n   push       Update remote refs along with associated objects\n\n'git help -a' and 'git help -g' list available subcommands and some\nconcept guides. See 'git help <command>' or 'git help <concept>'\nto read about a specific subcommand or concept.\nSee 'git help git' for an overview of the system.\n""
[0m12:51:49.745607 [debug] [MainThread]: STDERR: "b''"
[0m12:51:49.746607 [info ] [MainThread]:  - git [[32mOK found[0m]

[0m12:51:49.747605 [info ] [MainThread]: Connection:
[0m12:51:49.748606 [info ] [MainThread]:   account: htc95543.us-east-1
[0m12:51:49.749608 [info ] [MainThread]:   user: dbt_user
[0m12:51:49.749608 [info ] [MainThread]:   database: crypto_pipeline
[0m12:51:49.750604 [info ] [MainThread]:   warehouse: crypyo_pipeline_wh
[0m12:51:49.751604 [info ] [MainThread]:   role: dbt_role
[0m12:51:49.752610 [info ] [MainThread]:   schema: staging
[0m12:51:49.754608 [info ] [MainThread]:   authenticator: None
[0m12:51:49.755606 [info ] [MainThread]:   oauth_client_id: None
[0m12:51:49.756607 [info ] [MainThread]:   query_tag: None
[0m12:51:49.757606 [info ] [MainThread]:   client_session_keep_alive: False
[0m12:51:49.758606 [info ] [MainThread]:   host: None
[0m12:51:49.760608 [info ] [MainThread]:   port: None
[0m12:51:49.761608 [info ] [MainThread]:   proxy_host: None
[0m12:51:49.762604 [info ] [MainThread]:   proxy_port: None
[0m12:51:49.763605 [info ] [MainThread]:   protocol: None
[0m12:51:49.764606 [info ] [MainThread]:   connect_retries: 1
[0m12:51:49.765611 [info ] [MainThread]:   connect_timeout: None
[0m12:51:49.767609 [info ] [MainThread]:   retry_on_database_errors: False
[0m12:51:49.768611 [info ] [MainThread]:   retry_all: False
[0m12:51:49.769605 [info ] [MainThread]:   insecure_mode: False
[0m12:51:49.770606 [info ] [MainThread]:   reuse_connections: True
[0m12:51:49.771605 [info ] [MainThread]:   s3_stage_vpce_dns_name: None
[0m12:51:49.772606 [info ] [MainThread]:   workload_identity_provider: None
[0m12:51:49.774607 [info ] [MainThread]:   workload_identity_entra_resource: None
[0m12:51:49.775608 [info ] [MainThread]:   platform_detection_timeout_seconds: 0.0
[0m12:51:49.776607 [info ] [MainThread]: Registered adapter: snowflake=1.12.0
[0m12:51:50.325191 [debug] [MainThread]: Acquiring new snowflake connection 'debug'
[0m12:51:50.337190 [debug] [MainThread]: Using snowflake connection "debug"
[0m12:51:50.338189 [debug] [MainThread]: On debug: select 1 as id
[0m12:51:50.339190 [debug] [MainThread]: Opening a new connection, currently in state init
[0m12:51:52.885076 [debug] [MainThread]: Snowflake adapter: Error running SQL: select 1 as id
[0m12:51:52.886083 [debug] [MainThread]: Snowflake adapter: Rolling back transaction.
[0m12:51:52.887071 [info ] [MainThread]:   Connection test: [[31mERROR[0m]

[0m12:51:52.888080 [info ] [MainThread]: [31m1 check failed:[0m
[0m12:51:52.888080 [info ] [MainThread]: dbt was unable to connect to the specified database.
The database returned the following error:

  >Database Error
  390186 (08001): Failed to connect to DB: htc95543.us-east-1.snowflakecomputing.com:443. Role 'DBT_ROLE' specified in the connect string is not granted to this user, or is not permitted for the credentials being used. Contact your local system administrator, or attempt to login with another role, e.g. PUBLIC.

Check your database credentials and try again. For more information, visit:
https://docs.getdbt.com/docs/configure-your-profile


[0m12:51:52.889081 [info ] [MainThread]: Your new dbt project "crypto_pipeline" was created!
Initialized new project in C:\Users\gusta\OneDrive\Documentos\codeup_project\crypto_pipeline\crypto_pipeline

For more information on how to configure the profiles.yml file,
please consult the dbt documentation here:

  https://docs.getdbt.com/docs/configure-your-profile

One more thing:

Need help? Don't hesitate to reach out to us via GitHub issues or on Slack:

  https://community.getdbt.com/

Happy modeling!

[0m12:51:52.890080 [info ] [MainThread]: [31mYour profile may need adjustments. You can find the logs of `dbt debug` above[0m
[0m12:51:52.893143 [debug] [MainThread]: Command `dbt init` succeeded at 12:51:52.892076 after 363.58 seconds
[0m12:51:52.893143 [debug] [MainThread]: Connection 'debug' was left open.
[0m12:51:52.894138 [debug] [MainThread]: On debug: No close available on handle
[0m12:51:52.894138 [debug] [MainThread]: Sending event: {'category': 'dbt', 'action': 'invocation', 'label': 'end', 'context': [<snowplow_tracker.self_describing_json.SelfDescribingJson object at 0x00000180BE035410>, <snowplow_tracker.self_describing_json.SelfDescribingJson object at 0x00000180C46D6590>, <snowplow_tracker.self_describing_json.SelfDescribingJson object at 0x00000180C46D7AD0>]}
[0m12:51:52.895142 [debug] [MainThread]: Flushing usage events
[0m12:51:53.835229 [debug] [MainThread]: An error was encountered while trying to flush usage events
[0m20:35:30.864716 [debug] [MainThread]: Sending event: {'category': 'dbt', 'action': 'invocation', 'label': 'start', 'context': [<snowplow_tracker.self_describing_json.SelfDescribingJson object at 0x000001BEF2642710>, <snowplow_tracker.self_describing_json.SelfDescribingJson object at 0x000001BEF7D75790>, <snowplow_tracker.self_describing_json.SelfDescribingJson object at 0x000001BEF7D690D0>]}


============================== 20:35:30.900661 | 9cebe048-7ef3-4b54-8f55-0dd3ec8f3ae6 ==============================
[0m20:35:30.900661 [info ] [MainThread]: Running with dbt=1.12.3
[0m20:35:30.901673 [debug] [MainThread]: running dbt with arguments {'static_parser': 'True', 'no_print': 'None', 'version_check': 'True', 'target_path': 'None', 'maximum_seed_size_mib': '1', 'warn_error_options': 'WarnErrorOptionsV2(error=[], warn=[], silence=[])', 'printer_width': '80', 'write_json': 'True', 'introspect': 'True', 'log_cache_events': 'False', 'empty': 'None', 'cache_selected_only': 'False', 'fail_fast': 'False', 'debug': 'False', 'log_format': 'default', 'profiles_dir': 'C:\\Users\\gusta\\.dbt', 'send_anonymous_usage_stats': 'True', 'quiet': 'False', 'warn_error': 'None', 'partial_parse': 'True', 'indirect_selection': 'eager', 'hints_enabled': 'True', 'use_colors': 'True', 'use_experimental_parser': 'False', 'invocation_command': 'dbt test --select stg_coin_markets', 'log_path': 'logs'}
[0m20:35:30.902669 [error] [MainThread]: [[31mERROR[0m]: Encountered an error:
Runtime Error
  No dbt_project.yml found at expected path C:\Users\gusta\OneDrive\Documentos\codeup_project\dbt_project.yml
  Verify that each entry within packages.yml (and their transitive dependencies) contains a file named dbt_project.yml
  
[0m20:35:30.904670 [debug] [MainThread]: Command `dbt test` failed at 20:35:30.904670 after 0.17 seconds
[0m20:35:30.905673 [debug] [MainThread]: Sending event: {'category': 'dbt', 'action': 'invocation', 'label': 'end', 'context': [<snowplow_tracker.self_describing_json.SelfDescribingJson object at 0x000001BEF7ED1010>, <snowplow_tracker.self_describing_json.SelfDescribingJson object at 0x000001BEF7E39B10>, <snowplow_tracker.self_describing_json.SelfDescribingJson object at 0x000001BEF7E3BF50>]}
[0m20:35:30.906670 [debug] [MainThread]: Flushing usage events
[0m20:35:32.281586 [debug] [MainThread]: An error was encountered while trying to flush usage events
[0m20:18:17.614955 [debug] [MainThread]: Sending event: {'category': 'dbt', 'action': 'invocation', 'label': 'start', 'context': [<snowplow_tracker.self_describing_json.SelfDescribingJson object at 0x00000168A853A690>, <snowplow_tracker.self_describing_json.SelfDescribingJson object at 0x00000168A84565D0>, <snowplow_tracker.self_describing_json.SelfDescribingJson object at 0x00000168A861A650>]}


============================== 20:18:17.625784 | d20aa004-0bef-4ecb-aff3-c4253ec0aa53 ==============================
[0m20:18:17.625784 [info ] [MainThread]: Running with dbt=1.12.3
[0m20:18:17.626791 [debug] [MainThread]: running dbt with arguments {'static_parser': 'True', 'no_print': 'None', 'maximum_seed_size_mib': '1', 'warn_error_options': 'WarnErrorOptionsV2(error=[], warn=[], silence=[])', 'version_check': 'True', 'target_path': 'None', 'printer_width': '80', 'write_json': 'True', 'introspect': 'True', 'log_cache_events': 'False', 'empty': 'False', 'cache_selected_only': 'False', 'log_format': 'default', 'debug': 'False', 'fail_fast': 'False', 'partial_parse': 'True', 'send_anonymous_usage_stats': 'True', 'quiet': 'False', 'warn_error': 'None', 'profiles_dir': 'C:\\Users\\gusta\\.dbt', 'use_colors': 'True', 'hints_enabled': 'True', 'invocation_command': 'dbt run --select fct_daily_market_snapshot', 'use_experimental_parser': 'False', 'indirect_selection': 'eager', 'log_path': 'logs'}
[0m20:18:17.627788 [error] [MainThread]: [[31mERROR[0m]: Encountered an error:
Runtime Error
  No dbt_project.yml found at expected path C:\Users\gusta\OneDrive\Documentos\codeup_project\dbt_project.yml
  Verify that each entry within packages.yml (and their transitive dependencies) contains a file named dbt_project.yml
  
[0m20:18:17.629789 [debug] [MainThread]: Command `dbt run` failed at 20:18:17.629789 after 0.12 seconds
[0m20:18:17.630791 [debug] [MainThread]: Sending event: {'category': 'dbt', 'action': 'invocation', 'label': 'end', 'context': [<snowplow_tracker.self_describing_json.SelfDescribingJson object at 0x00000168A852A110>, <snowplow_tracker.self_describing_json.SelfDescribingJson object at 0x00000168A852A0D0>, <snowplow_tracker.self_describing_json.SelfDescribingJson object at 0x00000168A853BD50>]}
[0m20:18:17.630791 [debug] [MainThread]: Flushing usage events
[0m20:18:18.559105 [debug] [MainThread]: An error was encountered while trying to flush usage events
